
[1m[30m[46m RUN [49m[39m[22m [36mv4.1.6 [39m[90mC:/Users/OMAL0013/OneDrive - Högskolan Kristianstad/Skrivbordet/fullstack[39m

 [31m×[39m frontend/src/pages/PaymentSuccessPage.test.jsx[2m > [22mPaymentSuccessPage[2m > [22mrenders success message[32m 20[2mms[22m[39m
[31m   → document is not defined[39m
 [31m×[39m frontend/src/pages/PaymentSuccessPage.test.jsx[2m > [22mPaymentSuccessPage[2m > [22mcalls confirmPayment fallback with paymentIntentId[32m 4[2mms[22m[39m
[31m   → document is not defined[39m
 [31m×[39m frontend/src/pages/PaymentSuccessPage.test.jsx[2m > [22mPaymentSuccessPage[2m > [22mshows job title when job data loaded[32m 2[2mms[22m[39m
[31m   → document is not defined[39m
 [31m×[39m frontend/src/pages/PaymentSuccessPage.test.jsx[2m > [22mPaymentSuccessPage[2m > [22mshows next steps info[32m 2[2mms[22m[39m
[31m   → document is not defined[39m
node.exe : 
At C:\Program Files\nodejs\npx.ps1:
29 char:3
+   & $NODE_EXE $NPX_CLI_JS $args
+   ~~~~~~~~~~~~~~~~~~~~~~~~~~~~~
    + CategoryInfo          : NotS 
   pecified: (:String) [], Remote  
  Exception
    + FullyQualifiedErrorId : Nati 
   veCommandError
 
[31m⎯⎯⎯⎯⎯⎯⎯[39m[1m[41m Failed T
ests 4 [49m[22m[31m⎯⎯⎯⎯⎯⎯⎯[39m

[41m[1m FAIL [22m[49m frontend/
src/pages/PaymentSuccessPage.test.j
sx[2m > [22mPaymentSuccessPage[2
m > [22mrenders success message
[31m[1mReferenceError[22m: docum
ent is not defined[39m
[90m [2m❯[22m Proxy.render front
end/node_modules/@testing-library/r
eact/dist/pure.js:[2m256:5[22m[3
9m
[36m [2m❯[22m renderWithState fr
ontend/src/pages/PaymentSuccessPage
.test.jsx:[2m22:10[22m[39m
    [90m 20|[39m
    [90m 21|[39m [35mfunction[3
9m [34mrenderWithState[39m(state 
[33m=[39m {}) {
    [90m 22|[39m   [35mreturn[3
9m [34mrender[39m(
    [90m   |[39m          [31m^
[39m
    [90m 23|[39m     <MemoryRoute
r initialEntries={[{ pathname: '/pa
yment/success', sta…
    [90m 24|[39m       [33m<[39
m[33mRoutes[39m[33m>[39m
[90m [2m❯[22m frontend/src/pages
/PaymentSuccessPage.test.jsx:[2m37
:5[22m[39m

[31m[2m⎯⎯⎯⎯⎯⎯⎯⎯⎯⎯⎯⎯⎯⎯⎯⎯⎯⎯⎯⎯⎯⎯⎯⎯[1
/4]⎯[22m[39m

[41m[1m FAIL [22m[49m frontend/
src/pages/PaymentSuccessPage.test.j
sx[2m > [22mPaymentSuccessPage[2
m > [22mcalls confirmPayment fallb
ack with paymentIntentId
[31m[1mReferenceError[22m: docum
ent is not defined[39m
[90m [2m❯[22m Proxy.render front
end/node_modules/@testing-library/r
eact/dist/pure.js:[2m256:5[22m[3
9m
[36m [2m❯[22m renderWithState fr
ontend/src/pages/PaymentSuccessPage
.test.jsx:[2m22:10[22m[39m
    [90m 20|[39m
    [90m 21|[39m [35mfunction[3
9m [34mrenderWithState[39m(state 
[33m=[39m {}) {
    [90m 22|[39m   [35mreturn[3
9m [34mrender[39m(
    [90m   |[39m          [31m^
[39m
    [90m 23|[39m     <MemoryRoute
r initialEntries={[{ pathname: '/pa
yment/success', sta…
    [90m 24|[39m       [33m<[39
m[33mRoutes[39m[33m>[39m
[90m [2m❯[22m frontend/src/pages
/PaymentSuccessPage.test.jsx:[2m42
:5[22m[39m

[31m[2m⎯⎯⎯⎯⎯⎯⎯⎯⎯⎯⎯⎯⎯⎯⎯⎯⎯⎯⎯⎯⎯⎯⎯⎯[2
/4]⎯[22m[39m

[41m[1m FAIL [22m[49m frontend/
src/pages/PaymentSuccessPage.test.j
sx[2m > [22mPaymentSuccessPage[2
m > [22mshows job title when job d
ata loaded
[31m[1mReferenceError[22m: docum
ent is not defined[39m
[90m [2m❯[22m Proxy.render front
end/node_modules/@testing-library/r
eact/dist/pure.js:[2m256:5[22m[3
9m
[36m [2m❯[22m renderWithState fr
ontend/src/pages/PaymentSuccessPage
.test.jsx:[2m22:10[22m[39m
    [90m 20|[39m
    [90m 21|[39m [35mfunction[3
9m [34mrenderWithState[39m(state 
[33m=[39m {}) {
    [90m 22|[39m   [35mreturn[3
9m [34mrender[39m(
    [90m   |[39m          [31m^
[39m
    [90m 23|[39m     <MemoryRoute
r initialEntries={[{ pathname: '/pa
yment/success', sta…
    [90m 24|[39m       [33m<[39
m[33mRoutes[39m[33m>[39m
[90m [2m❯[22m frontend/src/pages
/PaymentSuccessPage.test.jsx:[2m50
:5[22m[39m

[31m[2m⎯⎯⎯⎯⎯⎯⎯⎯⎯⎯⎯⎯⎯⎯⎯⎯⎯⎯⎯⎯⎯⎯⎯⎯[3
/4]⎯[22m[39m

[41m[1m FAIL [22m[49m frontend/
src/pages/PaymentSuccessPage.test.j
sx[2m > [22mPaymentSuccessPage[2
m > [22mshows next steps info
[31m[1mReferenceError[22m: docum
ent is not defined[39m
[90m [2m❯[22m Proxy.render front
end/node_modules/@testing-library/r
eact/dist/pure.js:[2m256:5[22m[3
9m
[36m [2m❯[22m renderWithState fr
ontend/src/pages/PaymentSuccessPage
.test.jsx:[2m22:10[22m[39m
    [90m 20|[39m
    [90m 21|[39m [35mfunction[3
9m [34mrenderWithState[39m(state 
[33m=[39m {}) {
    [90m 22|[39m   [35mreturn[3
9m [34mrender[39m(
    [90m   |[39m          [31m^
[39m
    [90m 23|[39m     <MemoryRoute
r initialEntries={[{ pathname: '/pa
yment/success', sta…
    [90m 24|[39m       [33m<[39
m[33mRoutes[39m[33m>[39m
[90m [2m❯[22m frontend/src/pages
/PaymentSuccessPage.test.jsx:[2m58
:5[22m[39m

[31m[2m⎯⎯⎯⎯⎯⎯⎯⎯⎯⎯⎯⎯⎯⎯⎯⎯⎯⎯⎯⎯⎯⎯⎯⎯[4
/4]⎯[22m[39m


[2m Test Files [22m [1m[31m1 failed[39m[22m[90m (1)[39m
[2m      Tests [22m [1m[31m4 failed[39m[22m[90m (4)[39m
[2m   Start at [22m 00:26:38
[2m   Duration [22m 3.00s[2m (transform 355ms, setup 0ms, import 1.93s, tests 34ms, environment 0ms)[22m

